
 ⛅️ wrangler 4.143.0 (update available 4.148.0)
───────────────────────────────────────────────
Resource location: local

Use --remote if you want to access the remote instance.

Migrations to be applied:
┌──────────────────────────────────────────────────────┐
│ name                                                 │
├──────────────────────────────────────────────────────┤
│ 0001_backend_foundation.sql                          │
├──────────────────────────────────────────────────────┤
│ 0002_session3_fingerprint_and_birth_certificate.sql  │
├──────────────────────────────────────────────────────┤
│ 0003_session3_document_cleanup.sql                   │
├──────────────────────────────────────────────────────┤
│ 0004_public_portal_document_policy.sql               │
├──────────────────────────────────────────────────────┤
│ 0005_document_scoped_application_notes.sql           │
├──────────────────────────────────────────────────────┤
│ 0006_notification_preferences_and_delivery_state.sql │
├──────────────────────────────────────────────────────┤
│ 0007_notification_provider_webhook_events.sql        │
├──────────────────────────────────────────────────────┤
│ 0008_application_reference_and_access_code.sql       │
├──────────────────────────────────────────────────────┤
│ 0009_document_scanner.sql                            │
├──────────────────────────────────────────────────────┤
│ 0010_application_deletions.sql                       │
├──────────────────────────────────────────────────────┤
│ 0011_mobile_document_transfers.sql                   │
├──────────────────────────────────────────────────────┤
│ 0011_print_queue.sql                                 │
├──────────────────────────────────────────────────────┤
│ 0012_physical_intakes.sql                            │
├──────────────────────────────────────────────────────┤
│ 0012_print_options.sql                               │
├──────────────────────────────────────────────────────┤
│ 0013_physical_intake_review.sql                      │
├──────────────────────────────────────────────────────┤
│ 0013_print_orientation_volume.sql                    │
├──────────────────────────────────────────────────────┤
│ 0014_print_orientation_devmode.sql                   │
├──────────────────────────────────────────────────────┤
│ 0018_staff_document_security.sql                     │
└──────────────────────────────────────────────────────┘
? About to apply 18 migration(s)
Your database may not be available to serve requests during the migration, continue?
🤖 Using fallback value in non-interactive context: yes
🌀 Executing on local database uluslarasiofis-production (74b45974-8665-4616-bce0-3380da71c22f) from ../../../../../../var/folders/0f/b0hws9jj3hg46bwn607k2v840000gn/T/physical-wrangler-migrations-wo4q8ai6/v3/d1:
🌀 To execute on your remote database, add a --remote flag to your wrangler command.
🚣 44 commands executed successfully.
┌──────────────────────────────────────────────────────┬────────┐
│ name                                                 │ status │
├──────────────────────────────────────────────────────┼────────┤
│ 0001_backend_foundation.sql                          │ ✅     │
├──────────────────────────────────────────────────────┼────────┤
│ 0002_session3_fingerprint_and_birth_certificate.sql  │ 🕒️    │
├──────────────────────────────────────────────────────┼────────┤
│ 0003_session3_document_cleanup.sql                   │ 🕒️    │
├──────────────────────────────────────────────────────┼────────┤
│ 0004_public_portal_document_policy.sql               │ 🕒️    │
├──────────────────────────────────────────────────────┼────────┤
│ 0005_document_scoped_application_notes.sql           │ 🕒️    │
├──────────────────────────────────────────────────────┼────────┤
│ 0006_notification_preferences_and_delivery_state.sql │ 🕒️    │
├──────────────────────────────────────────────────────┼────────┤
│ 0007_notification_provider_webhook_events.sql        │ 🕒️    │
├──────────────────────────────────────────────────────┼────────┤
│ 0008_application_reference_and_access_code.sql       │ 🕒️    │
├──────────────────────────────────────────────────────┼────────┤
│ 0009_document_scanner.sql                            │ 🕒️    │
├──────────────────────────────────────────────────────┼────────┤
│ 0010_application_deletions.sql                       │ 🕒️    │
├──────────────────────────────────────────────────────┼────────┤
│ 0011_mobile_document_transfers.sql                   │ 🕒️    │
├──────────────────────────────────────────────────────┼────────┤
│ 0011_print_queue.sql                                 │ 🕒️    │
├──────────────────────────────────────────────────────┼────────┤
│ 0012_physical_intakes.sql                            │ 🕒️    │
├──────────────────────────────────────────────────────┼────────┤
│ 0012_print_options.sql                               │ 🕒️    │
├──────────────────────────────────────────────────────┼────────┤
│ 0013_physical_intake_review.sql                      │ 🕒️    │
├──────────────────────────────────────────────────────┼────────┤
│ 0013_print_orientation_volume.sql                    │ 🕒️    │
├──────────────────────────────────────────────────────┼────────┤
│ 0014_print_orientation_devmode.sql                   │ 🕒️    │
├──────────────────────────────────────────────────────┼────────┤
│ 0018_staff_document_security.sql                     │ 🕒️    │
└──────────────────────────────────────────────────────┴────────┘
🌀 Executing on local database uluslarasiofis-production (74b45974-8665-4616-bce0-3380da71c22f) from ../../../../../../var/folders/0f/b0hws9jj3hg46bwn607k2v840000gn/T/physical-wrangler-migrations-wo4q8ai6/v3/d1:
🌀 To execute on your remote database, add a --remote flag to your wrangler command.
🚣 5 commands executed successfully.
┌──────────────────────────────────────────────────────┬────────┐
│ name                                                 │ status │
├──────────────────────────────────────────────────────┼────────┤
│ 0001_backend_foundation.sql                          │ ✅     │
├──────────────────────────────────────────────────────┼────────┤
│ 0002_session3_fingerprint_and_birth_certificate.sql  │ ✅     │
├──────────────────────────────────────────────────────┼────────┤
│ 0003_session3_document_cleanup.sql                   │ 🕒️    │
├──────────────────────────────────────────────────────┼────────┤
│ 0004_public_portal_document_policy.sql               │ 🕒️    │
├──────────────────────────────────────────────────────┼────────┤
│ 0005_document_scoped_application_notes.sql           │ 🕒️    │
├──────────────────────────────────────────────────────┼────────┤
│ 0006_notification_preferences_and_delivery_state.sql │ 🕒️    │
├──────────────────────────────────────────────────────┼────────┤
│ 0007_notification_provider_webhook_events.sql        │ 🕒️    │
├──────────────────────────────────────────────────────┼────────┤
│ 0008_application_reference_and_access_code.sql       │ 🕒️    │
├──────────────────────────────────────────────────────┼────────┤
│ 0009_document_scanner.sql                            │ 🕒️    │
├──────────────────────────────────────────────────────┼────────┤
│ 0010_application_deletions.sql                       │ 🕒️    │
├──────────────────────────────────────────────────────┼────────┤
│ 0011_mobile_document_transfers.sql                   │ 🕒️    │
├──────────────────────────────────────────────────────┼────────┤
│ 0011_print_queue.sql                                 │ 🕒️    │
├──────────────────────────────────────────────────────┼────────┤
│ 0012_physical_intakes.sql                            │ 🕒️    │
├──────────────────────────────────────────────────────┼────────┤
│ 0012_print_options.sql                               │ 🕒️    │
├──────────────────────────────────────────────────────┼────────┤
│ 0013_physical_intake_review.sql                      │ 🕒️    │
├──────────────────────────────────────────────────────┼────────┤
│ 0013_print_orientation_volume.sql                    │ 🕒️    │
├──────────────────────────────────────────────────────┼────────┤
│ 0014_print_orientation_devmode.sql                   │ 🕒️    │
├──────────────────────────────────────────────────────┼────────┤
│ 0018_staff_document_security.sql                     │ 🕒️    │
└──────────────────────────────────────────────────────┴────────┘
🌀 Executing on local database uluslarasiofis-production (74b45974-8665-4616-bce0-3380da71c22f) from ../../../../../../var/folders/0f/b0hws9jj3hg46bwn607k2v840000gn/T/physical-wrangler-migrations-wo4q8ai6/v3/d1:
🌀 To execute on your remote database, add a --remote flag to your wrangler command.
🚣 4 commands executed successfully.
┌──────────────────────────────────────────────────────┬────────┐
│ name                                                 │ status │
├──────────────────────────────────────────────────────┼────────┤
│ 0001_backend_foundation.sql                          │ ✅     │
├──────────────────────────────────────────────────────┼────────┤
│ 0002_session3_fingerprint_and_birth_certificate.sql  │ ✅     │
├──────────────────────────────────────────────────────┼────────┤
│ 0003_session3_document_cleanup.sql                   │ ✅     │
├──────────────────────────────────────────────────────┼────────┤
│ 0004_public_portal_document_policy.sql               │ 🕒️    │
├──────────────────────────────────────────────────────┼────────┤
│ 0005_document_scoped_application_notes.sql           │ 🕒️    │
├──────────────────────────────────────────────────────┼────────┤
│ 0006_notification_preferences_and_delivery_state.sql │ 🕒️    │
├──────────────────────────────────────────────────────┼────────┤
│ 0007_notification_provider_webhook_events.sql        │ 🕒️    │
├──────────────────────────────────────────────────────┼────────┤
│ 0008_application_reference_and_access_code.sql       │ 🕒️    │
├──────────────────────────────────────────────────────┼────────┤
│ 0009_document_scanner.sql                            │ 🕒️    │
├──────────────────────────────────────────────────────┼────────┤
│ 0010_application_deletions.sql                       │ 🕒️    │
├──────────────────────────────────────────────────────┼────────┤
│ 0011_mobile_document_transfers.sql                   │ 🕒️    │
├──────────────────────────────────────────────────────┼────────┤
│ 0011_print_queue.sql                                 │ 🕒️    │
├──────────────────────────────────────────────────────┼────────┤
│ 0012_physical_intakes.sql                            │ 🕒️    │
├──────────────────────────────────────────────────────┼────────┤
│ 0012_print_options.sql                               │ 🕒️    │
├──────────────────────────────────────────────────────┼────────┤
│ 0013_physical_intake_review.sql                      │ 🕒️    │
├──────────────────────────────────────────────────────┼────────┤
│ 0013_print_orientation_volume.sql                    │ 🕒️    │
├──────────────────────────────────────────────────────┼────────┤
│ 0014_print_orientation_devmode.sql                   │ 🕒️    │
├──────────────────────────────────────────────────────┼────────┤
│ 0018_staff_document_security.sql                     │ 🕒️    │
└──────────────────────────────────────────────────────┴────────┘
🌀 Executing on local database uluslarasiofis-production (74b45974-8665-4616-bce0-3380da71c22f) from ../../../../../../var/folders/0f/b0hws9jj3hg46bwn607k2v840000gn/T/physical-wrangler-migrations-wo4q8ai6/v3/d1:
🌀 To execute on your remote database, add a --remote flag to your wrangler command.
🚣 5 commands executed successfully.
┌──────────────────────────────────────────────────────┬────────┐
│ name                                                 │ status │
├──────────────────────────────────────────────────────┼────────┤
│ 0001_backend_foundation.sql                          │ ✅     │
├──────────────────────────────────────────────────────┼────────┤
│ 0002_session3_fingerprint_and_birth_certificate.sql  │ ✅     │
├──────────────────────────────────────────────────────┼────────┤
│ 0003_session3_document_cleanup.sql                   │ ✅     │
├──────────────────────────────────────────────────────┼────────┤
│ 0004_public_portal_document_policy.sql               │ ✅     │
├──────────────────────────────────────────────────────┼────────┤
│ 0005_document_scoped_application_notes.sql           │ 🕒️    │
├──────────────────────────────────────────────────────┼────────┤
│ 0006_notification_preferences_and_delivery_state.sql │ 🕒️    │
├──────────────────────────────────────────────────────┼────────┤
│ 0007_notification_provider_webhook_events.sql        │ 🕒️    │
├──────────────────────────────────────────────────────┼────────┤
│ 0008_application_reference_and_access_code.sql       │ 🕒️    │
├──────────────────────────────────────────────────────┼────────┤
│ 0009_document_scanner.sql                            │ 🕒️    │
├──────────────────────────────────────────────────────┼────────┤
│ 0010_application_deletions.sql                       │ 🕒️    │
├──────────────────────────────────────────────────────┼────────┤
│ 0011_mobile_document_transfers.sql                   │ 🕒️    │
├──────────────────────────────────────────────────────┼────────┤
│ 0011_print_queue.sql                                 │ 🕒️    │
├──────────────────────────────────────────────────────┼────────┤
│ 0012_physical_intakes.sql                            │ 🕒️    │
├──────────────────────────────────────────────────────┼────────┤
│ 0012_print_options.sql                               │ 🕒️    │
├──────────────────────────────────────────────────────┼────────┤
│ 0013_physical_intake_review.sql                      │ 🕒️    │
├──────────────────────────────────────────────────────┼────────┤
│ 0013_print_orientation_volume.sql                    │ 🕒️    │
├──────────────────────────────────────────────────────┼────────┤
│ 0014_print_orientation_devmode.sql                   │ 🕒️    │
├──────────────────────────────────────────────────────┼────────┤
│ 0018_staff_document_security.sql                     │ 🕒️    │
└──────────────────────────────────────────────────────┴────────┘
🌀 Executing on local database uluslarasiofis-production (74b45974-8665-4616-bce0-3380da71c22f) from ../../../../../../var/folders/0f/b0hws9jj3hg46bwn607k2v840000gn/T/physical-wrangler-migrations-wo4q8ai6/v3/d1:
🌀 To execute on your remote database, add a --remote flag to your wrangler command.
🚣 3 commands executed successfully.
┌──────────────────────────────────────────────────────┬────────┐
│ name                                                 │ status │
├──────────────────────────────────────────────────────┼────────┤
│ 0001_backend_foundation.sql                          │ ✅     │
├──────────────────────────────────────────────────────┼────────┤
│ 0002_session3_fingerprint_and_birth_certificate.sql  │ ✅     │
├──────────────────────────────────────────────────────┼────────┤
│ 0003_session3_document_cleanup.sql                   │ ✅     │
├──────────────────────────────────────────────────────┼────────┤
│ 0004_public_portal_document_policy.sql               │ ✅     │
├──────────────────────────────────────────────────────┼────────┤
│ 0005_document_scoped_application_notes.sql           │ ✅     │
├──────────────────────────────────────────────────────┼────────┤
│ 0006_notification_preferences_and_delivery_state.sql │ 🕒️    │
├──────────────────────────────────────────────────────┼────────┤
│ 0007_notification_provider_webhook_events.sql        │ 🕒️    │
├──────────────────────────────────────────────────────┼────────┤
│ 0008_application_reference_and_access_code.sql       │ 🕒️    │
├──────────────────────────────────────────────────────┼────────┤
│ 0009_document_scanner.sql                            │ 🕒️    │
├──────────────────────────────────────────────────────┼────────┤
│ 0010_application_deletions.sql                       │ 🕒️    │
├──────────────────────────────────────────────────────┼────────┤
│ 0011_mobile_document_transfers.sql                   │ 🕒️    │
├──────────────────────────────────────────────────────┼────────┤
│ 0011_print_queue.sql                                 │ 🕒️    │
├──────────────────────────────────────────────────────┼────────┤
│ 0012_physical_intakes.sql                            │ 🕒️    │
├──────────────────────────────────────────────────────┼────────┤
│ 0012_print_options.sql                               │ 🕒️    │
├──────────────────────────────────────────────────────┼────────┤
│ 0013_physical_intake_review.sql                      │ 🕒️    │
├──────────────────────────────────────────────────────┼────────┤
│ 0013_print_orientation_volume.sql                    │ 🕒️    │
├──────────────────────────────────────────────────────┼────────┤
│ 0014_print_orientation_devmode.sql                   │ 🕒️    │
├──────────────────────────────────────────────────────┼────────┤
│ 0018_staff_document_security.sql                     │ 🕒️    │
└──────────────────────────────────────────────────────┴────────┘
🌀 Executing on local database uluslarasiofis-production (74b45974-8665-4616-bce0-3380da71c22f) from ../../../../../../var/folders/0f/b0hws9jj3hg46bwn607k2v840000gn/T/physical-wrangler-migrations-wo4q8ai6/v3/d1:
🌀 To execute on your remote database, add a --remote flag to your wrangler command.
🚣 6 commands executed successfully.
┌──────────────────────────────────────────────────────┬────────┐
│ name                                                 │ status │
├──────────────────────────────────────────────────────┼────────┤
│ 0001_backend_foundation.sql                          │ ✅     │
├──────────────────────────────────────────────────────┼────────┤
│ 0002_session3_fingerprint_and_birth_certificate.sql  │ ✅     │
├──────────────────────────────────────────────────────┼────────┤
│ 0003_session3_document_cleanup.sql                   │ ✅     │
├──────────────────────────────────────────────────────┼────────┤
│ 0004_public_portal_document_policy.sql               │ ✅     │
├──────────────────────────────────────────────────────┼────────┤
│ 0005_document_scoped_application_notes.sql           │ ✅     │
├──────────────────────────────────────────────────────┼────────┤
│ 0006_notification_preferences_and_delivery_state.sql │ ✅     │
├──────────────────────────────────────────────────────┼────────┤
│ 0007_notification_provider_webhook_events.sql        │ 🕒️    │
├──────────────────────────────────────────────────────┼────────┤
│ 0008_application_reference_and_access_code.sql       │ 🕒️    │
├──────────────────────────────────────────────────────┼────────┤
│ 0009_document_scanner.sql                            │ 🕒️    │
├──────────────────────────────────────────────────────┼────────┤
│ 0010_application_deletions.sql                       │ 🕒️    │
├──────────────────────────────────────────────────────┼────────┤
│ 0011_mobile_document_transfers.sql                   │ 🕒️    │
├──────────────────────────────────────────────────────┼────────┤
│ 0011_print_queue.sql                                 │ 🕒️    │
├──────────────────────────────────────────────────────┼────────┤
│ 0012_physical_intakes.sql                            │ 🕒️    │
├──────────────────────────────────────────────────────┼────────┤
│ 0012_print_options.sql                               │ 🕒️    │
├──────────────────────────────────────────────────────┼────────┤
│ 0013_physical_intake_review.sql                      │ 🕒️    │
├──────────────────────────────────────────────────────┼────────┤
│ 0013_print_orientation_volume.sql                    │ 🕒️    │
├──────────────────────────────────────────────────────┼────────┤
│ 0014_print_orientation_devmode.sql                   │ 🕒️    │
├──────────────────────────────────────────────────────┼────────┤
│ 0018_staff_document_security.sql                     │ 🕒️    │
└──────────────────────────────────────────────────────┴────────┘
🌀 Executing on local database uluslarasiofis-production (74b45974-8665-4616-bce0-3380da71c22f) from ../../../../../../var/folders/0f/b0hws9jj3hg46bwn607k2v840000gn/T/physical-wrangler-migrations-wo4q8ai6/v3/d1:
🌀 To execute on your remote database, add a --remote flag to your wrangler command.
🚣 3 commands executed successfully.
┌──────────────────────────────────────────────────────┬────────┐
│ name                                                 │ status │
├──────────────────────────────────────────────────────┼────────┤
│ 0001_backend_foundation.sql                          │ ✅     │
├──────────────────────────────────────────────────────┼────────┤
│ 0002_session3_fingerprint_and_birth_certificate.sql  │ ✅     │
├──────────────────────────────────────────────────────┼────────┤
│ 0003_session3_document_cleanup.sql                   │ ✅     │
├──────────────────────────────────────────────────────┼────────┤
│ 0004_public_portal_document_policy.sql               │ ✅     │
├──────────────────────────────────────────────────────┼────────┤
│ 0005_document_scoped_application_notes.sql           │ ✅     │
├──────────────────────────────────────────────────────┼────────┤
│ 0006_notification_preferences_and_delivery_state.sql │ ✅     │
├──────────────────────────────────────────────────────┼────────┤
│ 0007_notification_provider_webhook_events.sql        │ ✅     │
├──────────────────────────────────────────────────────┼────────┤
│ 0008_application_reference_and_access_code.sql       │ 🕒️    │
├──────────────────────────────────────────────────────┼────────┤
│ 0009_document_scanner.sql                            │ 🕒️    │
├──────────────────────────────────────────────────────┼────────┤
│ 0010_application_deletions.sql                       │ 🕒️    │
├──────────────────────────────────────────────────────┼────────┤
│ 0011_mobile_document_transfers.sql                   │ 🕒️    │
├──────────────────────────────────────────────────────┼────────┤
│ 0011_print_queue.sql                                 │ 🕒️    │
├──────────────────────────────────────────────────────┼────────┤
│ 0012_physical_intakes.sql                            │ 🕒️    │
├──────────────────────────────────────────────────────┼────────┤
│ 0012_print_options.sql                               │ 🕒️    │
├──────────────────────────────────────────────────────┼────────┤
│ 0013_physical_intake_review.sql                      │ 🕒️    │
├──────────────────────────────────────────────────────┼────────┤
│ 0013_print_orientation_volume.sql                    │ 🕒️    │
├──────────────────────────────────────────────────────┼────────┤
│ 0014_print_orientation_devmode.sql                   │ 🕒️    │
├──────────────────────────────────────────────────────┼────────┤
│ 0018_staff_document_security.sql                     │ 🕒️    │
└──────────────────────────────────────────────────────┴────────┘
🌀 Executing on local database uluslarasiofis-production (74b45974-8665-4616-bce0-3380da71c22f) from ../../../../../../var/folders/0f/b0hws9jj3hg46bwn607k2v840000gn/T/physical-wrangler-migrations-wo4q8ai6/v3/d1:
🌀 To execute on your remote database, add a --remote flag to your wrangler command.
🚣 8 commands executed successfully.
┌──────────────────────────────────────────────────────┬────────┐
│ name                                                 │ status │
├──────────────────────────────────────────────────────┼────────┤
│ 0001_backend_foundation.sql                          │ ✅     │
├──────────────────────────────────────────────────────┼────────┤
│ 0002_session3_fingerprint_and_birth_certificate.sql  │ ✅     │
├──────────────────────────────────────────────────────┼────────┤
│ 0003_session3_document_cleanup.sql                   │ ✅     │
├──────────────────────────────────────────────────────┼────────┤
│ 0004_public_portal_document_policy.sql               │ ✅     │
├──────────────────────────────────────────────────────┼────────┤
│ 0005_document_scoped_application_notes.sql           │ ✅     │
├──────────────────────────────────────────────────────┼────────┤
│ 0006_notification_preferences_and_delivery_state.sql │ ✅     │
├──────────────────────────────────────────────────────┼────────┤
│ 0007_notification_provider_webhook_events.sql        │ ✅     │
├──────────────────────────────────────────────────────┼────────┤
│ 0008_application_reference_and_access_code.sql       │ ✅     │
├──────────────────────────────────────────────────────┼────────┤
│ 0009_document_scanner.sql                            │ 🕒️    │
├──────────────────────────────────────────────────────┼────────┤
│ 0010_application_deletions.sql                       │ 🕒️    │
├──────────────────────────────────────────────────────┼────────┤
│ 0011_mobile_document_transfers.sql                   │ 🕒️    │
├──────────────────────────────────────────────────────┼────────┤
│ 0011_print_queue.sql                                 │ 🕒️    │
├──────────────────────────────────────────────────────┼────────┤
│ 0012_physical_intakes.sql                            │ 🕒️    │
├──────────────────────────────────────────────────────┼────────┤
│ 0012_print_options.sql                               │ 🕒️    │
├──────────────────────────────────────────────────────┼────────┤
│ 0013_physical_intake_review.sql                      │ 🕒️    │
├──────────────────────────────────────────────────────┼────────┤
│ 0013_print_orientation_volume.sql                    │ 🕒️    │
├──────────────────────────────────────────────────────┼────────┤
│ 0014_print_orientation_devmode.sql                   │ 🕒️    │
├──────────────────────────────────────────────────────┼────────┤
│ 0018_staff_document_security.sql                     │ 🕒️    │
└──────────────────────────────────────────────────────┴────────┘
🌀 Executing on local database uluslarasiofis-production (74b45974-8665-4616-bce0-3380da71c22f) from ../../../../../../var/folders/0f/b0hws9jj3hg46bwn607k2v840000gn/T/physical-wrangler-migrations-wo4q8ai6/v3/d1:
🌀 To execute on your remote database, add a --remote flag to your wrangler command.
🚣 6 commands executed successfully.
┌──────────────────────────────────────────────────────┬────────┐
│ name                                                 │ status │
├──────────────────────────────────────────────────────┼────────┤
│ 0001_backend_foundation.sql                          │ ✅     │
├──────────────────────────────────────────────────────┼────────┤
│ 0002_session3_fingerprint_and_birth_certificate.sql  │ ✅     │
├──────────────────────────────────────────────────────┼────────┤
│ 0003_session3_document_cleanup.sql                   │ ✅     │
├──────────────────────────────────────────────────────┼────────┤
│ 0004_public_portal_document_policy.sql               │ ✅     │
├──────────────────────────────────────────────────────┼────────┤
│ 0005_document_scoped_application_notes.sql           │ ✅     │
├──────────────────────────────────────────────────────┼────────┤
│ 0006_notification_preferences_and_delivery_state.sql │ ✅     │
├──────────────────────────────────────────────────────┼────────┤
│ 0007_notification_provider_webhook_events.sql        │ ✅     │
├──────────────────────────────────────────────────────┼────────┤
│ 0008_application_reference_and_access_code.sql       │ ✅     │
├──────────────────────────────────────────────────────┼────────┤
│ 0009_document_scanner.sql                            │ ✅     │
├──────────────────────────────────────────────────────┼────────┤
│ 0010_application_deletions.sql                       │ 🕒️    │
├──────────────────────────────────────────────────────┼────────┤
│ 0011_mobile_document_transfers.sql                   │ 🕒️    │
├──────────────────────────────────────────────────────┼────────┤
│ 0011_print_queue.sql                                 │ 🕒️    │
├──────────────────────────────────────────────────────┼────────┤
│ 0012_physical_intakes.sql                            │ 🕒️    │
├──────────────────────────────────────────────────────┼────────┤
│ 0012_print_options.sql                               │ 🕒️    │
├──────────────────────────────────────────────────────┼────────┤
│ 0013_physical_intake_review.sql                      │ 🕒️    │
├──────────────────────────────────────────────────────┼────────┤
│ 0013_print_orientation_volume.sql                    │ 🕒️    │
├──────────────────────────────────────────────────────┼────────┤
│ 0014_print_orientation_devmode.sql                   │ 🕒️    │
├──────────────────────────────────────────────────────┼────────┤
│ 0018_staff_document_security.sql                     │ 🕒️    │
└──────────────────────────────────────────────────────┴────────┘
🌀 Executing on local database uluslarasiofis-production (74b45974-8665-4616-bce0-3380da71c22f) from ../../../../../../var/folders/0f/b0hws9jj3hg46bwn607k2v840000gn/T/physical-wrangler-migrations-wo4q8ai6/v3/d1:
🌀 To execute on your remote database, add a --remote flag to your wrangler command.
🚣 3 commands executed successfully.
┌──────────────────────────────────────────────────────┬────────┐
│ name                                                 │ status │
├──────────────────────────────────────────────────────┼────────┤
│ 0001_backend_foundation.sql                          │ ✅     │
├──────────────────────────────────────────────────────┼────────┤
│ 0002_session3_fingerprint_and_birth_certificate.sql  │ ✅     │
├──────────────────────────────────────────────────────┼────────┤
│ 0003_session3_document_cleanup.sql                   │ ✅     │
├──────────────────────────────────────────────────────┼────────┤
│ 0004_public_portal_document_policy.sql               │ ✅     │
├──────────────────────────────────────────────────────┼────────┤
│ 0005_document_scoped_application_notes.sql           │ ✅     │
├──────────────────────────────────────────────────────┼────────┤
│ 0006_notification_preferences_and_delivery_state.sql │ ✅     │
├──────────────────────────────────────────────────────┼────────┤
│ 0007_notification_provider_webhook_events.sql        │ ✅     │
├──────────────────────────────────────────────────────┼────────┤
│ 0008_application_reference_and_access_code.sql       │ ✅     │
├──────────────────────────────────────────────────────┼────────┤
│ 0009_document_scanner.sql                            │ ✅     │
├──────────────────────────────────────────────────────┼────────┤
│ 0010_application_deletions.sql                       │ ✅     │
├──────────────────────────────────────────────────────┼────────┤
│ 0011_mobile_document_transfers.sql                   │ 🕒️    │
├──────────────────────────────────────────────────────┼────────┤
│ 0011_print_queue.sql                                 │ 🕒️    │
├──────────────────────────────────────────────────────┼────────┤
│ 0012_physical_intakes.sql                            │ 🕒️    │
├──────────────────────────────────────────────────────┼────────┤
│ 0012_print_options.sql                               │ 🕒️    │
├──────────────────────────────────────────────────────┼────────┤
│ 0013_physical_intake_review.sql                      │ 🕒️    │
├──────────────────────────────────────────────────────┼────────┤
│ 0013_print_orientation_volume.sql                    │ 🕒️    │
├──────────────────────────────────────────────────────┼────────┤
│ 0014_print_orientation_devmode.sql                   │ 🕒️    │
├──────────────────────────────────────────────────────┼────────┤
│ 0018_staff_document_security.sql                     │ 🕒️    │
└──────────────────────────────────────────────────────┴────────┘
🌀 Executing on local database uluslarasiofis-production (74b45974-8665-4616-bce0-3380da71c22f) from ../../../../../../var/folders/0f/b0hws9jj3hg46bwn607k2v840000gn/T/physical-wrangler-migrations-wo4q8ai6/v3/d1:
🌀 To execute on your remote database, add a --remote flag to your wrangler command.
🚣 5 commands executed successfully.
┌──────────────────────────────────────────────────────┬────────┐
│ name                                                 │ status │
├──────────────────────────────────────────────────────┼────────┤
│ 0001_backend_foundation.sql                          │ ✅     │
├──────────────────────────────────────────────────────┼────────┤
│ 0002_session3_fingerprint_and_birth_certificate.sql  │ ✅     │
├──────────────────────────────────────────────────────┼────────┤
│ 0003_session3_document_cleanup.sql                   │ ✅     │
├──────────────────────────────────────────────────────┼────────┤
│ 0004_public_portal_document_policy.sql               │ ✅     │
├──────────────────────────────────────────────────────┼────────┤
│ 0005_document_scoped_application_notes.sql           │ ✅     │
├──────────────────────────────────────────────────────┼────────┤
│ 0006_notification_preferences_and_delivery_state.sql │ ✅     │
├──────────────────────────────────────────────────────┼────────┤
│ 0007_notification_provider_webhook_events.sql        │ ✅     │
├──────────────────────────────────────────────────────┼────────┤
│ 0008_application_reference_and_access_code.sql       │ ✅     │
├──────────────────────────────────────────────────────┼────────┤
│ 0009_document_scanner.sql                            │ ✅     │
├──────────────────────────────────────────────────────┼────────┤
│ 0010_application_deletions.sql                       │ ✅     │
├──────────────────────────────────────────────────────┼────────┤
│ 0011_mobile_document_transfers.sql                   │ ✅     │
├──────────────────────────────────────────────────────┼────────┤
│ 0011_print_queue.sql                                 │ 🕒️    │
├──────────────────────────────────────────────────────┼────────┤
│ 0012_physical_intakes.sql                            │ 🕒️    │
├──────────────────────────────────────────────────────┼────────┤
│ 0012_print_options.sql                               │ 🕒️    │
├──────────────────────────────────────────────────────┼────────┤
│ 0013_physical_intake_review.sql                      │ 🕒️    │
├──────────────────────────────────────────────────────┼────────┤
│ 0013_print_orientation_volume.sql                    │ 🕒️    │
├──────────────────────────────────────────────────────┼────────┤
│ 0014_print_orientation_devmode.sql                   │ 🕒️    │
├──────────────────────────────────────────────────────┼────────┤
│ 0018_staff_document_security.sql                     │ 🕒️    │
└──────────────────────────────────────────────────────┴────────┘
🌀 Executing on local database uluslarasiofis-production (74b45974-8665-4616-bce0-3380da71c22f) from ../../../../../../var/folders/0f/b0hws9jj3hg46bwn607k2v840000gn/T/physical-wrangler-migrations-wo4q8ai6/v3/d1:
🌀 To execute on your remote database, add a --remote flag to your wrangler command.
🚣 7 commands executed successfully.
┌──────────────────────────────────────────────────────┬────────┐
│ name                                                 │ status │
├──────────────────────────────────────────────────────┼────────┤
│ 0001_backend_foundation.sql                          │ ✅     │
├──────────────────────────────────────────────────────┼────────┤
│ 0002_session3_fingerprint_and_birth_certificate.sql  │ ✅     │
├──────────────────────────────────────────────────────┼────────┤
│ 0003_session3_document_cleanup.sql                   │ ✅     │
├──────────────────────────────────────────────────────┼────────┤
│ 0004_public_portal_document_policy.sql               │ ✅     │
├──────────────────────────────────────────────────────┼────────┤
│ 0005_document_scoped_application_notes.sql           │ ✅     │
├──────────────────────────────────────────────────────┼────────┤
│ 0006_notification_preferences_and_delivery_state.sql │ ✅     │
├──────────────────────────────────────────────────────┼────────┤
│ 0007_notification_provider_webhook_events.sql        │ ✅     │
├──────────────────────────────────────────────────────┼────────┤
│ 0008_application_reference_and_access_code.sql       │ ✅     │
├──────────────────────────────────────────────────────┼────────┤
│ 0009_document_scanner.sql                            │ ✅     │
├──────────────────────────────────────────────────────┼────────┤
│ 0010_application_deletions.sql                       │ ✅     │
├──────────────────────────────────────────────────────┼────────┤
│ 0011_mobile_document_transfers.sql                   │ ✅     │
├──────────────────────────────────────────────────────┼────────┤
│ 0011_print_queue.sql                                 │ ✅     │
├──────────────────────────────────────────────────────┼────────┤
│ 0012_physical_intakes.sql                            │ 🕒️    │
├──────────────────────────────────────────────────────┼────────┤
│ 0012_print_options.sql                               │ 🕒️    │
├──────────────────────────────────────────────────────┼────────┤
│ 0013_physical_intake_review.sql                      │ 🕒️    │
├──────────────────────────────────────────────────────┼────────┤
│ 0013_print_orientation_volume.sql                    │ 🕒️    │
├──────────────────────────────────────────────────────┼────────┤
│ 0014_print_orientation_devmode.sql                   │ 🕒️    │
├──────────────────────────────────────────────────────┼────────┤
│ 0018_staff_document_security.sql                     │ 🕒️    │
└──────────────────────────────────────────────────────┴────────┘
🌀 Executing on local database uluslarasiofis-production (74b45974-8665-4616-bce0-3380da71c22f) from ../../../../../../var/folders/0f/b0hws9jj3hg46bwn607k2v840000gn/T/physical-wrangler-migrations-wo4q8ai6/v3/d1:
🌀 To execute on your remote database, add a --remote flag to your wrangler command.
🚣 8 commands executed successfully.
┌──────────────────────────────────────────────────────┬────────┐
│ name                                                 │ status │
├──────────────────────────────────────────────────────┼────────┤
│ 0001_backend_foundation.sql                          │ ✅     │
├──────────────────────────────────────────────────────┼────────┤
│ 0002_session3_fingerprint_and_birth_certificate.sql  │ ✅     │
├──────────────────────────────────────────────────────┼────────┤
│ 0003_session3_document_cleanup.sql                   │ ✅     │
├──────────────────────────────────────────────────────┼────────┤
│ 0004_public_portal_document_policy.sql               │ ✅     │
├──────────────────────────────────────────────────────┼────────┤
│ 0005_document_scoped_application_notes.sql           │ ✅     │
├──────────────────────────────────────────────────────┼────────┤
│ 0006_notification_preferences_and_delivery_state.sql │ ✅     │
├──────────────────────────────────────────────────────┼────────┤
│ 0007_notification_provider_webhook_events.sql        │ ✅     │
├──────────────────────────────────────────────────────┼────────┤
│ 0008_application_reference_and_access_code.sql       │ ✅     │
├──────────────────────────────────────────────────────┼────────┤
│ 0009_document_scanner.sql                            │ ✅     │
├──────────────────────────────────────────────────────┼────────┤
│ 0010_application_deletions.sql                       │ ✅     │
├──────────────────────────────────────────────────────┼────────┤
│ 0011_mobile_document_transfers.sql                   │ ✅     │
├──────────────────────────────────────────────────────┼────────┤
│ 0011_print_queue.sql                                 │ ✅     │
├──────────────────────────────────────────────────────┼────────┤
│ 0012_physical_intakes.sql                            │ ✅     │
├──────────────────────────────────────────────────────┼────────┤
│ 0012_print_options.sql                               │ 🕒️    │
├──────────────────────────────────────────────────────┼────────┤
│ 0013_physical_intake_review.sql                      │ 🕒️    │
├──────────────────────────────────────────────────────┼────────┤
│ 0013_print_orientation_volume.sql                    │ 🕒️    │
├──────────────────────────────────────────────────────┼────────┤
│ 0014_print_orientation_devmode.sql                   │ 🕒️    │
├──────────────────────────────────────────────────────┼────────┤
│ 0018_staff_document_security.sql                     │ 🕒️    │
└──────────────────────────────────────────────────────┴────────┘
🌀 Executing on local database uluslarasiofis-production (74b45974-8665-4616-bce0-3380da71c22f) from ../../../../../../var/folders/0f/b0hws9jj3hg46bwn607k2v840000gn/T/physical-wrangler-migrations-wo4q8ai6/v3/d1:
🌀 To execute on your remote database, add a --remote flag to your wrangler command.
🚣 10 commands executed successfully.
┌──────────────────────────────────────────────────────┬────────┐
│ name                                                 │ status │
├──────────────────────────────────────────────────────┼────────┤
│ 0001_backend_foundation.sql                          │ ✅     │
├──────────────────────────────────────────────────────┼────────┤
│ 0002_session3_fingerprint_and_birth_certificate.sql  │ ✅     │
├──────────────────────────────────────────────────────┼────────┤
│ 0003_session3_document_cleanup.sql                   │ ✅     │
├──────────────────────────────────────────────────────┼────────┤
│ 0004_public_portal_document_policy.sql               │ ✅     │
├──────────────────────────────────────────────────────┼────────┤
│ 0005_document_scoped_application_notes.sql           │ ✅     │
├──────────────────────────────────────────────────────┼────────┤
│ 0006_notification_preferences_and_delivery_state.sql │ ✅     │
├──────────────────────────────────────────────────────┼────────┤
│ 0007_notification_provider_webhook_events.sql        │ ✅     │
├──────────────────────────────────────────────────────┼────────┤
│ 0008_application_reference_and_access_code.sql       │ ✅     │
├──────────────────────────────────────────────────────┼────────┤
│ 0009_document_scanner.sql                            │ ✅     │
├──────────────────────────────────────────────────────┼────────┤
│ 0010_application_deletions.sql                       │ ✅     │
├──────────────────────────────────────────────────────┼────────┤
│ 0011_mobile_document_transfers.sql                   │ ✅     │
├──────────────────────────────────────────────────────┼────────┤
│ 0011_print_queue.sql                                 │ ✅     │
├──────────────────────────────────────────────────────┼────────┤
│ 0012_physical_intakes.sql                            │ ✅     │
├──────────────────────────────────────────────────────┼────────┤
│ 0012_print_options.sql                               │ ✅     │
├──────────────────────────────────────────────────────┼────────┤
│ 0013_physical_intake_review.sql                      │ 🕒️    │
├──────────────────────────────────────────────────────┼────────┤
│ 0013_print_orientation_volume.sql                    │ 🕒️    │
├──────────────────────────────────────────────────────┼────────┤
│ 0014_print_orientation_devmode.sql                   │ 🕒️    │
├──────────────────────────────────────────────────────┼────────┤
│ 0018_staff_document_security.sql                     │ 🕒️    │
└──────────────────────────────────────────────────────┴────────┘
🌀 Executing on local database uluslarasiofis-production (74b45974-8665-4616-bce0-3380da71c22f) from ../../../../../../var/folders/0f/b0hws9jj3hg46bwn607k2v840000gn/T/physical-wrangler-migrations-wo4q8ai6/v3/d1:
🌀 To execute on your remote database, add a --remote flag to your wrangler command.
🚣 10 commands executed successfully.
┌──────────────────────────────────────────────────────┬────────┐
│ name                                                 │ status │
├──────────────────────────────────────────────────────┼────────┤
│ 0001_backend_foundation.sql                          │ ✅     │
├──────────────────────────────────────────────────────┼────────┤
│ 0002_session3_fingerprint_and_birth_certificate.sql  │ ✅     │
├──────────────────────────────────────────────────────┼────────┤
│ 0003_session3_document_cleanup.sql                   │ ✅     │
├──────────────────────────────────────────────────────┼────────┤
│ 0004_public_portal_document_policy.sql               │ ✅     │
├──────────────────────────────────────────────────────┼────────┤
│ 0005_document_scoped_application_notes.sql           │ ✅     │
├──────────────────────────────────────────────────────┼────────┤
│ 0006_notification_preferences_and_delivery_state.sql │ ✅     │
├──────────────────────────────────────────────────────┼────────┤
│ 0007_notification_provider_webhook_events.sql        │ ✅     │
├──────────────────────────────────────────────────────┼────────┤
│ 0008_application_reference_and_access_code.sql       │ ✅     │
├──────────────────────────────────────────────────────┼────────┤
│ 0009_document_scanner.sql                            │ ✅     │
├──────────────────────────────────────────────────────┼────────┤
│ 0010_application_deletions.sql                       │ ✅     │
├──────────────────────────────────────────────────────┼────────┤
│ 0011_mobile_document_transfers.sql                   │ ✅     │
├──────────────────────────────────────────────────────┼────────┤
│ 0011_print_queue.sql                                 │ ✅     │
├──────────────────────────────────────────────────────┼────────┤
│ 0012_physical_intakes.sql                            │ ✅     │
├──────────────────────────────────────────────────────┼────────┤
│ 0012_print_options.sql                               │ ✅     │
├──────────────────────────────────────────────────────┼────────┤
│ 0013_physical_intake_review.sql                      │ ✅     │
├──────────────────────────────────────────────────────┼────────┤
│ 0013_print_orientation_volume.sql                    │ 🕒️    │
├──────────────────────────────────────────────────────┼────────┤
│ 0014_print_orientation_devmode.sql                   │ 🕒️    │
├──────────────────────────────────────────────────────┼────────┤
│ 0018_staff_document_security.sql                     │ 🕒️    │
└──────────────────────────────────────────────────────┴────────┘
🌀 Executing on local database uluslarasiofis-production (74b45974-8665-4616-bce0-3380da71c22f) from ../../../../../../var/folders/0f/b0hws9jj3hg46bwn607k2v840000gn/T/physical-wrangler-migrations-wo4q8ai6/v3/d1:
🌀 To execute on your remote database, add a --remote flag to your wrangler command.
🚣 13 commands executed successfully.
┌──────────────────────────────────────────────────────┬────────┐
│ name                                                 │ status │
├──────────────────────────────────────────────────────┼────────┤
│ 0001_backend_foundation.sql                          │ ✅     │
├──────────────────────────────────────────────────────┼────────┤
│ 0002_session3_fingerprint_and_birth_certificate.sql  │ ✅     │
├──────────────────────────────────────────────────────┼────────┤
│ 0003_session3_document_cleanup.sql                   │ ✅     │
├──────────────────────────────────────────────────────┼────────┤
│ 0004_public_portal_document_policy.sql               │ ✅     │
├──────────────────────────────────────────────────────┼────────┤
│ 0005_document_scoped_application_notes.sql           │ ✅     │
├──────────────────────────────────────────────────────┼────────┤
│ 0006_notification_preferences_and_delivery_state.sql │ ✅     │
├──────────────────────────────────────────────────────┼────────┤
│ 0007_notification_provider_webhook_events.sql        │ ✅     │
├──────────────────────────────────────────────────────┼────────┤
│ 0008_application_reference_and_access_code.sql       │ ✅     │
├──────────────────────────────────────────────────────┼────────┤
│ 0009_document_scanner.sql                            │ ✅     │
├──────────────────────────────────────────────────────┼────────┤
│ 0010_application_deletions.sql                       │ ✅     │
├──────────────────────────────────────────────────────┼────────┤
│ 0011_mobile_document_transfers.sql                   │ ✅     │
├──────────────────────────────────────────────────────┼────────┤
│ 0011_print_queue.sql                                 │ ✅     │
├──────────────────────────────────────────────────────┼────────┤
│ 0012_physical_intakes.sql                            │ ✅     │
├──────────────────────────────────────────────────────┼────────┤
│ 0012_print_options.sql                               │ ✅     │
├──────────────────────────────────────────────────────┼────────┤
│ 0013_physical_intake_review.sql                      │ ✅     │
├──────────────────────────────────────────────────────┼────────┤
│ 0013_print_orientation_volume.sql                    │ ✅     │
├──────────────────────────────────────────────────────┼────────┤
│ 0014_print_orientation_devmode.sql                   │ 🕒️    │
├──────────────────────────────────────────────────────┼────────┤
│ 0018_staff_document_security.sql                     │ 🕒️    │
└──────────────────────────────────────────────────────┴────────┘
🌀 Executing on local database uluslarasiofis-production (74b45974-8665-4616-bce0-3380da71c22f) from ../../../../../../var/folders/0f/b0hws9jj3hg46bwn607k2v840000gn/T/physical-wrangler-migrations-wo4q8ai6/v3/d1:
🌀 To execute on your remote database, add a --remote flag to your wrangler command.
🚣 5 commands executed successfully.
┌──────────────────────────────────────────────────────┬────────┐
│ name                                                 │ status │
├──────────────────────────────────────────────────────┼────────┤
│ 0001_backend_foundation.sql                          │ ✅     │
├──────────────────────────────────────────────────────┼────────┤
│ 0002_session3_fingerprint_and_birth_certificate.sql  │ ✅     │
├──────────────────────────────────────────────────────┼────────┤
│ 0003_session3_document_cleanup.sql                   │ ✅     │
├──────────────────────────────────────────────────────┼────────┤
│ 0004_public_portal_document_policy.sql               │ ✅     │
├──────────────────────────────────────────────────────┼────────┤
│ 0005_document_scoped_application_notes.sql           │ ✅     │
├──────────────────────────────────────────────────────┼────────┤
│ 0006_notification_preferences_and_delivery_state.sql │ ✅     │
├──────────────────────────────────────────────────────┼────────┤
│ 0007_notification_provider_webhook_events.sql        │ ✅     │
├──────────────────────────────────────────────────────┼────────┤
│ 0008_application_reference_and_access_code.sql       │ ✅     │
├──────────────────────────────────────────────────────┼────────┤
│ 0009_document_scanner.sql                            │ ✅     │
├──────────────────────────────────────────────────────┼────────┤
│ 0010_application_deletions.sql                       │ ✅     │
├──────────────────────────────────────────────────────┼────────┤
│ 0011_mobile_document_transfers.sql                   │ ✅     │
├──────────────────────────────────────────────────────┼────────┤
│ 0011_print_queue.sql                                 │ ✅     │
├──────────────────────────────────────────────────────┼────────┤
│ 0012_physical_intakes.sql                            │ ✅     │
├──────────────────────────────────────────────────────┼────────┤
│ 0012_print_options.sql                               │ ✅     │
├──────────────────────────────────────────────────────┼────────┤
│ 0013_physical_intake_review.sql                      │ ✅     │
├──────────────────────────────────────────────────────┼────────┤
│ 0013_print_orientation_volume.sql                    │ ✅     │
├──────────────────────────────────────────────────────┼────────┤
│ 0014_print_orientation_devmode.sql                   │ ✅     │
├──────────────────────────────────────────────────────┼────────┤
│ 0018_staff_document_security.sql                     │ 🕒️    │
└──────────────────────────────────────────────────────┴────────┘
🌀 Executing on local database uluslarasiofis-production (74b45974-8665-4616-bce0-3380da71c22f) from ../../../../../../var/folders/0f/b0hws9jj3hg46bwn607k2v840000gn/T/physical-wrangler-migrations-wo4q8ai6/v3/d1:
🌀 To execute on your remote database, add a --remote flag to your wrangler command.
🚣 13 commands executed successfully.
┌──────────────────────────────────────────────────────┬────────┐
│ name                                                 │ status │
├──────────────────────────────────────────────────────┼────────┤
│ 0001_backend_foundation.sql                          │ ✅     │
├──────────────────────────────────────────────────────┼────────┤
│ 0002_session3_fingerprint_and_birth_certificate.sql  │ ✅     │
├──────────────────────────────────────────────────────┼────────┤
│ 0003_session3_document_cleanup.sql                   │ ✅     │
├──────────────────────────────────────────────────────┼────────┤
│ 0004_public_portal_document_policy.sql               │ ✅     │
├──────────────────────────────────────────────────────┼────────┤
│ 0005_document_scoped_application_notes.sql           │ ✅     │
├──────────────────────────────────────────────────────┼────────┤
│ 0006_notification_preferences_and_delivery_state.sql │ ✅     │
├──────────────────────────────────────────────────────┼────────┤
│ 0007_notification_provider_webhook_events.sql        │ ✅     │
├──────────────────────────────────────────────────────┼────────┤
│ 0008_application_reference_and_access_code.sql       │ ✅     │
├──────────────────────────────────────────────────────┼────────┤
│ 0009_document_scanner.sql                            │ ✅     │
├──────────────────────────────────────────────────────┼────────┤
│ 0010_application_deletions.sql                       │ ✅     │
├──────────────────────────────────────────────────────┼────────┤
│ 0011_mobile_document_transfers.sql                   │ ✅     │
├──────────────────────────────────────────────────────┼────────┤
│ 0011_print_queue.sql                                 │ ✅     │
├──────────────────────────────────────────────────────┼────────┤
│ 0012_physical_intakes.sql                            │ ✅     │
├──────────────────────────────────────────────────────┼────────┤
│ 0012_print_options.sql                               │ ✅     │
├──────────────────────────────────────────────────────┼────────┤
│ 0013_physical_intake_review.sql                      │ ✅     │
├──────────────────────────────────────────────────────┼────────┤
│ 0013_print_orientation_volume.sql                    │ ✅     │
├──────────────────────────────────────────────────────┼────────┤
│ 0014_print_orientation_devmode.sql                   │ ✅     │
├──────────────────────────────────────────────────────┼────────┤
│ 0018_staff_document_security.sql                     │ ✅     │
└──────────────────────────────────────────────────────┴────────┘
